// Vitest Snapshot v1, https://vitest.dev/guide/snapshot.html

exports[`write data > writeBigInt64 1`] = `-1234567890n`;

exports[`write data > writeBigUint64 1`] = `1234567890n`;

exports[`write data > writeFloat32 1`] = `-1.7100000153031665e+38`;

exports[`write data > writeFloat32 2`] = `2.3399999993470327e-38`;

exports[`write data > writeFloat64 1`] = `7.06e-304`;
